// Jest Snapshot v1, https://goo.gl/fbAQLP

exports[`App renders correctly 1`] = `
<div
  className="App"
>
  <header
    className="App-header"
  >
    <link
      crossOrigin="anonymous"
      href="https://maxcdn.bootstrapcdn.com/bootstrap/3.3.7/css/bootstrap.min.css"
      rel="stylesheet"
    />
    <p>
      Una aplicacion sencilla para calcular el estado de animo de las personas en la manana, tarde y noche de cada dia
    </p>
  </header>
  <AfectosForm />
</div>
`;
